Microchip MPLAB XC8 Compiler V2.31

Linker command line:

-W-3 --edf=C:\Program Files\Microchip\xc8\v2.31\pic\dat\en_msgs.txt -cn \
  -h+dist/default/production\Lab10.X.production.sym \
  --cmf=dist/default/production\Lab10.X.production.cmf -z -Q16F887 \
  -oC:\Users\Ale\AppData\Local\Temp\saq8.2 --defsym=__MPLAB_BUILD=1 \
  -Mdist/default/production/Lab10.X.production.map -E1 -ver=XC8 Compiler \
  --acfsm=1493 -ASTACK=0110h-016Fh -pstack=STACK -ACODE=00h-07FFhx4 \
  -ASTRCODE=00h-01FFFh -ASTRING=00h-0FFhx32 -ACONST=00h-0FFhx32 \
  -AENTRY=00h-0FFhx32 -ACOMMON=070h-07Fh -ABANK0=020h-06Fh \
  -ABANK1=0A0h-0EFh -ABANK2=0110h-016Fh -ABANK3=0190h-01EFh \
  -ARAM=020h-06Fh,0A0h-0EFh,0110h-016Fh,0190h-01EFh \
  -AABS1=020h-07Fh,0A0h-0EFh,0110h-016Fh,0190h-01EFh -ASFR0=00h-01Fh \
  -ASFR1=080h-09Fh -ASFR2=0100h-010Fh -ASFR3=0180h-018Fh \
  -ACONFIG=02007h-02008h -DCONFIG=2 -AIDLOC=02000h-02003h -DIDLOC=2 \
  -AEEDATA=00h-0FFh/02100h -peeprom_data=EEDATA -DEEDATA=2 -DCODE=2 \
  -DSTRCODE=2 -DSTRING=2 -DCONST=2 -DENTRY=2 \
  -preset_vec=00h,intentry=04h,init,end_init -ppowerup=CODE -pcinit=CODE \
  -pfunctab=ENTRY -k C:\Users\Ale\AppData\Local\Temp\saq8.o \
  dist/default/production\Lab10.X.production.o 

Object code version is 3.11

Machine type is 16F887



                Name                               Link     Load   Length Selector   Space Scale
C:\Users\Ale\AppData\Local\Temp\saq8.o
                end_init                              C        C        3        8       0
                reset_vec                             0        0        3        0       0
                config                             2007     2007        2        0       4
dist/default/production\Lab10.X.production.o
                cinit                                 F        F       31        8       0
                intentry                              4        4        8        8       0
                config                             2007     2007        2        0       4
                text4                               1ED      1ED       22        8       0
                text3                               23F      23F        A        8       0
                text2                               14F      14F       3F        8       0
                text1                               1C6      1C6       27        8       0
                maintext                             40       40       CE        8       0
                cstackBANK0                          61       61        A       20       1
                cstackCOMMON                         70       70        5       70       1
                inittext                            22C      22C       13        8       0
                dataBANK3                           190      190       1D      190       1
                dataBANK1                            A0       A0       38       A0       1
                dataBANK0                            20       20       41       20       1
                bssCOMMON                            75       75        4       70       1
                idataBANK3                          20F      20F       1D        8       0
                idataBANK1                          18E      18E       38        8       0
                idataBANK0                          10E      10E       41        8       0

TOTAL           Name                               Link     Load   Length     Space
        CLASS   STACK          

        CLASS   CODE           
                end_init                              C        C        3         0
                cinit                                 F        F       31         0
                intentry                              4        4        8         0
                reset_vec                             0        0        3         0
                text4                               1ED      1ED       22         0
                text3                               23F      23F        A         0
                text2                               14F      14F       3F         0
                text1                               1C6      1C6       27         0
                maintext                             40       40       CE         0
                inittext                            22C      22C       13         0
                idataBANK3                          20F      20F       1D         0
                idataBANK1                          18E      18E       38         0
                idataBANK0                          10E      10E       41         0

        CLASS   STRCODE        

        CLASS   STRING         

        CLASS   CONST          

        CLASS   ENTRY          

        CLASS   COMMON         
                cstackCOMMON                         70       70        5         1
                bssCOMMON                            75       75        4         1

        CLASS   BANK0          
                cstackBANK0                          61       61        A         1
                dataBANK0                            20       20       41         1

        CLASS   BANK1          
                dataBANK1                            A0       A0       38         1

        CLASS   BANK2          

        CLASS   BANK3          
                dataBANK3                           190      190       1D         1

        CLASS   RAM            

        CLASS   ABS1           
                abs_s1                               7E       7E        2         1

        CLASS   SFR0           

        CLASS   SFR1           

        CLASS   SFR2           

        CLASS   SFR3           

        CLASS   CONFIG         
                config                             2007     2007        2         4

        CLASS   IDLOC          

        CLASS   EEDATA         



SEGMENTS        Name                           Load    Length   Top    Selector   Space  Class     Delta

                reset_vec                      000000  000003  000003         0       0  CODE        2
                intentry                       000004  000245  000249         8       0  CODE        2
                dataBANK0                      000020  00004B  00006B        20       1  BANK0       1
                cstackCOMMON                   000070  000009  000079        70       1  COMMON      1
                dataBANK1                      0000A0  000038  0000D8        A0       1  BANK1       1
                dataBANK3                      000190  00001D  0001AD       190       1  BANK3       1


UNUSED ADDRESS RANGES

        Name                Unused          Largest block    Delta
        BANK0            006B-006F              5           1
        BANK1            00D8-00EF             18           1
        BANK2            0110-016F             60           1
        BANK3            01AD-01EF             43           1
        CODE             0003-0003              1           2
                         0249-1FFF            800
        COMMON           0079-007D              5           1
        CONST            0003-0003              1           2
                         0249-1FFF            100
        EEDATA           2100-21FF            100           2
        ENTRY            0003-0003              1           2
                         0249-1FFF            100
        IDLOC            2000-2003              4           2
        RAM              006B-006F              5           1
                         00D8-00EF             18
                         0110-016F             60
                         01AD-01EF             43
        SFR0             0000-001F             20           1
        SFR1             0080-009F             20           1
        SFR2             0100-010F             10           1
        SFR3             0180-018F             10           1
        STACK            0110-016F             60           1
        STRCODE          0003-0003              1           2
                         0249-1FFF           1DB7
        STRING           0003-0003              1           2
                         0249-1FFF            100

                                  Symbol Table

_ANSEL                   (abs)        0188
_ANSELH                  (abs)        0189
_BAUDCTLbits             (abs)        0187
_INTCONbits              (abs)        000B
_OSCCONbits              (abs)        008F
_PIE1bits                (abs)        008C
_PIR1bits                (abs)        000C
_PORTA                   (abs)        0005
_PORTB                   (abs)        0006
_RCREG                   (abs)        001A
_RCSTAbits               (abs)        0018
_SPBRG                   (abs)        0099
_SPBRGH                  (abs)        009A
_TRISA                   (abs)        0085
_TRISB                   (abs)        0086
_TXIF                    (abs)        0064
_TXREG                   (abs)        0019
_TXSTAbits               (abs)        0098
__Habs1                  abs1         0000
__Hbank0                 bank0        0000
__Hbank1                 bank1        0000
__Hbank2                 bank2        0000
__Hbank3                 bank3        0000
__HbssCOMMON             bssCOMMON    0000
__Hcinit                 cinit        0040
__Hclrtext               clrtext      0000
__Hcode                  code         0000
__Hcommon                common       0000
__Hconfig                config       2009
__HcstackBANK0           cstackBANK0  0000
__HcstackCOMMON          cstackCOMMON 0000
__HdataBANK0             dataBANK0    0000
__HdataBANK1             dataBANK1    0000
__HdataBANK3             dataBANK3    0000
__Heeprom_data           eeprom_data  0000
__Hend_init              end_init     000F
__Hfunctab               functab      0000
__HidataBANK0            idataBANK0   0000
__HidataBANK1            idataBANK1   0000
__HidataBANK3            idataBANK3   0000
__Hinit                  init         000C
__Hinittext              inittext     0000
__Hintentry              intentry     000C
__Hmaintext              maintext     0000
__Hpowerup               powerup      0000
__Hram                   ram          0000
__Hreset_vec             reset_vec    0003
__Hsfr0                  sfr0         0000
__Hsfr1                  sfr1         0000
__Hsfr2                  sfr2         0000
__Hsfr3                  sfr3         0000
__Hspace_0               (abs)        0249
__Hspace_1               (abs)        01AD
__Hspace_2               (abs)        0000
__Hspace_3               (abs)        0000
__Hspace_4               (abs)        4010
__Hstack                 stack        0000
__Hstrings               strings      0000
__Htext                  text         0000
__Labs1                  abs1         0000
__Lbank0                 bank0        0000
__Lbank1                 bank1        0000
__Lbank2                 bank2        0000
__Lbank3                 bank3        0000
__LbssCOMMON             bssCOMMON    0000
__Lcinit                 cinit        000F
__Lclrtext               clrtext      0000
__Lcode                  code         0000
__Lcommon                common       0000
__Lconfig                config       0000
__LcstackBANK0           cstackBANK0  0000
__LcstackCOMMON          cstackCOMMON 0000
__LdataBANK0             dataBANK0    0000
__LdataBANK1             dataBANK1    0000
__LdataBANK3             dataBANK3    0000
__Leeprom_data           eeprom_data  0000
__Lend_init              end_init     000C
__Lfunctab               functab      0000
__LidataBANK0            idataBANK0   0000
__LidataBANK1            idataBANK1   0000
__LidataBANK3            idataBANK3   0000
__Linit                  init         000C
__Linittext              inittext     0000
__Lintentry              intentry     0004
__Lmaintext              maintext     0000
__Lpowerup               powerup      0000
__Lram                   ram          0000
__Lreset_vec             reset_vec    0000
__Lsfr0                  sfr0         0000
__Lsfr1                  sfr1         0000
__Lsfr2                  sfr2         0000
__Lsfr3                  sfr3         0000
__Lspace_0               (abs)        0000
__Lspace_1               (abs)        0000
__Lspace_2               (abs)        0000
__Lspace_3               (abs)        0000
__Lspace_4               (abs)        0000
__Lstack                 stack        0000
__Lstrings               strings      0000
__Ltext                  text         0000
__S0                     (abs)        0249
__S1                     (abs)        01AD
__S2                     (abs)        0000
__S3                     (abs)        0000
___int_sp                stack        0000
___latbits               (abs)        0002
___sp                    stack        0000
___stackhi               (abs)        0000
___stacklo               (abs)        0000
__end_of__initialization cinit        003C
__end_of_isr             text4        020F
__end_of_main            maintext     010E
__end_of_send_char       text3        0249
__end_of_send_str        text2        018E
__end_of_setup           text1        01ED
__initialization         cinit        000F
__pbssCOMMON             bssCOMMON    0075
__pcstackBANK0           cstackBANK0  0061
__pcstackCOMMON          cstackCOMMON 0070
__pdataBANK0             dataBANK0    0020
__pdataBANK1             dataBANK1    00A0
__pdataBANK3             dataBANK3    0190
__pidataBANK0            idataBANK0   010E
__pidataBANK1            idataBANK1   018E
__pidataBANK3            idataBANK3   020F
__pintentry              intentry     0004
__pmaintext              maintext     0040
__ptext1                 text1        01C6
__ptext2                 text2        014F
__ptext3                 text3        023F
__ptext4                 text4        01ED
__size_of_isr            (abs)        0000
__size_of_main           (abs)        0000
__size_of_send_char      (abs)        0000
__size_of_send_str       (abs)        0000
__size_of_setup          (abs)        0000
_ban                     dataBANK0    0020
_caracter                bssCOMMON    0077
_isr                     text4        01ED
_main                    maintext     0040
_men                     dataBANK3    0190
_op                      bssCOMMON    0075
_op1                     dataBANK1    00BD
_op2                     dataBANK0    004D
_op3                     dataBANK0    0039
_pa                      dataBANK1    00A0
_pa1                     dataBANK0    0022
_send_char               text3        023F
_send_str                text2        014F
_setup                   text1        01C6
btemp                    (abs)        007E
end_of_initialization    cinit        003C
init_fetch0              inittext     022C
init_ram0                inittext     0230
interrupt_function       intentry     0004
intlevel0                functab      0000
intlevel1                functab      0000
intlevel2                functab      0000
intlevel3                functab      0000
intlevel4                functab      0000
intlevel5                functab      0000
reset_vec                reset_vec    0000
saved_w                  (abs)        007E
send_char@dato           cstackCOMMON 0074
send_str@i               cstackBANK0  0066
send_str@st              cstackBANK0  0061
start                    init         000C
start_initialization     cinit        000F
wtemp0                   (abs)        007E


FUNCTION INFORMATION:

 *************** function _main *****************
 Defined at:
		line 88 in file "Lab10.c"
 Parameters:    Size  Location     Type
		None
 Auto vars:     Size  Location     Type
		None
 Return value:  Size  Location     Type
                  1    wreg      void 
 Registers used:
		wreg, fsr0l, fsr0h, status,2, status,0, pclath, cstack
 Tracked objects:
		On entry : 
		On exit  : 
		Unchanged: 
 Data sizes:     COMMON   BANK0   BANK1   BANK3   BANK2
      Params:         0       0       0       0       0
      Locals:         0       0       0       0       0
      Temps:          0       3       0       0       0
      Totals:         0       3       0       0       0
Total ram usage:        3 bytes
 Hardware stack levels required when called:    3
 This function calls:
		_send_str
		_setup
 This function is called by:
		Startup code after reset
 This function uses a non-reentrant model


 *************** function _setup *****************
 Defined at:
		line 139 in file "Lab10.c"
 Parameters:    Size  Location     Type
		None
 Auto vars:     Size  Location     Type
		None
 Return value:  Size  Location     Type
                  1    wreg      void 
 Registers used:
		wreg, status,2
 Tracked objects:
		On entry : 
		On exit  : 
		Unchanged: 
 Data sizes:     COMMON   BANK0   BANK1   BANK3   BANK2
      Params:         0       0       0       0       0
      Locals:         0       0       0       0       0
      Temps:          0       0       0       0       0
      Totals:         0       0       0       0       0
Total ram usage:        0 bytes
 Hardware stack levels used:    1
 Hardware stack levels required when called:    1
 This function calls:
		Nothing
 This function is called by:
		_main
 This function uses a non-reentrant model


 *************** function _send_str *****************
 Defined at:
		line 179 in file "Lab10.c"
 Parameters:    Size  Location     Type
  st              2    0[BANK0 ] PTR unsigned char 
		 -> pa(29), pa1(23), op3(20), op2(20), 
		 -> op1(27), men(29), 
 Auto vars:     Size  Location     Type
  i               2    5[BANK0 ] int 
 Return value:  Size  Location     Type
                  1    wreg      void 
 Registers used:
		wreg, fsr0l, fsr0h, status,2, status,0, pclath, cstack
 Tracked objects:
		On entry : 
		On exit  : 
		Unchanged: 
 Data sizes:     COMMON   BANK0   BANK1   BANK3   BANK2
      Params:         0       2       0       0       0
      Locals:         0       2       0       0       0
      Temps:          0       3       0       0       0
      Totals:         0       7       0       0       0
Total ram usage:        7 bytes
 Hardware stack levels used:    1
 Hardware stack levels required when called:    2
 This function calls:
		_send_char
 This function is called by:
		_main
 This function uses a non-reentrant model


 *************** function _send_char *****************
 Defined at:
		line 174 in file "Lab10.c"
 Parameters:    Size  Location     Type
  dato            1    wreg     unsigned char 
 Auto vars:     Size  Location     Type
  dato            1    4[COMMON] unsigned char 
 Return value:  Size  Location     Type
                  1    wreg      void 
 Registers used:
		wreg
 Tracked objects:
		On entry : 
		On exit  : 
		Unchanged: 
 Data sizes:     COMMON   BANK0   BANK1   BANK3   BANK2
      Params:         0       0       0       0       0
      Locals:         1       0       0       0       0
      Temps:          0       0       0       0       0
      Totals:         1       0       0       0       0
Total ram usage:        1 bytes
 Hardware stack levels used:    1
 Hardware stack levels required when called:    1
 This function calls:
		Nothing
 This function is called by:
		_send_str
 This function uses a non-reentrant model


 *************** function _isr *****************
 Defined at:
		line 76 in file "Lab10.c"
 Parameters:    Size  Location     Type
		None
 Auto vars:     Size  Location     Type
		None
 Return value:  Size  Location     Type
                  1    wreg      void 
 Registers used:
		wreg
 Tracked objects:
		On entry : 
		On exit  : 
		Unchanged: 
 Data sizes:     COMMON   BANK0   BANK1   BANK3   BANK2
      Params:         0       0       0       0       0
      Locals:         0       0       0       0       0
      Temps:          4       0       0       0       0
      Totals:         4       0       0       0       0
Total ram usage:        4 bytes
 Hardware stack levels used:    1
 This function calls:
		Nothing
 This function is called by:
		Interrupt level 1
 This function uses a non-reentrant model



MODULE INFORMATION

Module		Function		Class		Link	Load	Size
Lab10.c
		_main          		CODE           	0040	0000	206
		_send_str      		CODE           	014F	0000	63
		_isr           		CODE           	01ED	0000	34
		_send_char     		CODE           	023F	0000	10
		_setup         		CODE           	01C6	0000	39

Lab10.c estimated size: 352

shared
		__initialization		CODE           	000F	0000	45

shared estimated size: 45

