Microchip MPLAB XC8 Compiler V2.31

Linker command line:

-W-3 --edf=C:\Program Files\Microchip\xc8\v2.31\pic\dat\en_msgs.txt -cn \
  -h+dist/default/debug\Proyecto02.X.debug.sym \
  --cmf=dist/default/debug\Proyecto02.X.debug.cmf -z -Q16F887 \
  -oC:\Users\Ale\AppData\Local\Temp\slj8.2 --defsym=__MPLAB_BUILD=1 \
  -Mdist/default/debug/Proyecto02.X.debug.map -E1 -ver=XC8 Compiler \
  --acfsm=1493 -ASTACK=0110h-016Fh -pstack=STACK -ACODE=00h-07FFhx4 \
  -ASTRCODE=00h-01FFFh -ASTRING=00h-0FFhx32 -ACONST=00h-0FFhx32 \
  -AENTRY=00h-0FFhx32 -ACOMMON=070h-07Fh -ABANK0=020h-06Fh \
  -ABANK1=0A0h-0EFh -ABANK2=0110h-016Fh -ABANK3=0190h-01EFh \
  -ARAM=020h-06Fh,0A0h-0EFh,0110h-016Fh,0190h-01EFh \
  -AABS1=020h-07Fh,0A0h-0EFh,0110h-016Fh,0190h-01EFh -ASFR0=00h-01Fh \
  -ASFR1=080h-09Fh -ASFR2=0100h-010Fh -ASFR3=0180h-018Fh \
  -ACONFIG=02007h-02008h -DCONFIG=2 -AIDLOC=02000h-02003h -DIDLOC=2 \
  -AEEDATA=00h-0FFh/02100h -peeprom_data=EEDATA -DEEDATA=2 -DCODE=2 \
  -DSTRCODE=2 -DSTRING=2 -DCONST=2 -DENTRY=2 \
  -preset_vec=00h,intentry=04h,init,end_init -ppowerup=CODE -pcinit=CODE \
  -pfunctab=ENTRY -k C:\Users\Ale\AppData\Local\Temp\slj8.o \
  dist/default/debug\Proyecto02.X.debug.o 

Object code version is 3.11

Machine type is 16F887



                Name                               Link     Load   Length Selector   Space Scale
C:\Users\Ale\AppData\Local\Temp\slj8.o
                end_init                              C        C        3        8       0
                reset_vec                             0        0        3        0       0
                config                             2007     2007        2        0       4
dist/default/debug\Proyecto02.X.debug.o
                cinit                                 F        F       20        8       0
                intentry                              4        4        8        8       0
                config                             2007     2007        2        0       4
                text12                              508      508       B7      A10       0
                text11                              7F1      7F1        A      A10       0
                text10                              64F      64F       46      A10       0
                text9                               7C6      7C6       2B      A10       0
                text8                               719      719       2C      A10       0
                text7                               79B      79B       2B      A10       0
                text6                               6ED      6ED       2C      A10       0
                text5                               770      770       2B      A10       0
                text4                               6C1      6C1       2C      A10       0
                text3                               745      745       2B      A10       0
                text2                               695      695       2C      A10       0
                text1                               5BF      5BF       90      A10       0
                maintext                             2F       2F      2C1        8       0
                cstackBANK0                          2C       2C        A       20       1
                cstackCOMMON                         70       70        6       70       1
                dataBANK0                            36       36        2       20       1
                bssBANK0                             20       20        C       20       1
                bssCOMMON                            76       76        4       70       1
                stringtext                          300      300      208        6       0
                strings                             800      800       12     1000       0
                idataBANK0                          7FB      7FB        2      A10       0

TOTAL           Name                               Link     Load   Length     Space
        CLASS   STACK          

        CLASS   CODE           
                end_init                              C        C        3         0
                cinit                                 F        F       20         0
                intentry                              4        4        8         0
                reset_vec                             0        0        3         0
                text12                              508      508       B7         0
                text11                              7F1      7F1        A         0
                text10                              64F      64F       46         0
                text9                               7C6      7C6       2B         0
                text8                               719      719       2C         0
                text7                               79B      79B       2B         0
                text6                               6ED      6ED       2C         0
                text5                               770      770       2B         0
                text4                               6C1      6C1       2C         0
                text3                               745      745       2B         0
                text2                               695      695       2C         0
                text1                               5BF      5BF       90         0
                maintext                             2F       2F      2C1         0
                idataBANK0                          7FB      7FB        2         0

        CLASS   STRCODE        
                stringtext                          300      300      208         0

        CLASS   STRING         
                strings                             800      800       12         0

        CLASS   CONST          

        CLASS   ENTRY          

        CLASS   COMMON         
                cstackCOMMON                         70       70        6         1
                bssCOMMON                            76       76        4         1

        CLASS   BANK0          
                cstackBANK0                          2C       2C        A         1
                dataBANK0                            36       36        2         1
                bssBANK0                             20       20        C         1

        CLASS   BANK1          

        CLASS   BANK2          

        CLASS   BANK3          

        CLASS   RAM            

        CLASS   ABS1           
                abs_s1                               7E       7E        2         1

        CLASS   SFR0           

        CLASS   SFR1           

        CLASS   SFR2           

        CLASS   SFR3           

        CLASS   CONFIG         
                config                             2007     2007        2         4

        CLASS   IDLOC          

        CLASS   EEDATA         



SEGMENTS        Name                           Load    Length   Top    Selector   Space  Class     Delta

                reset_vec                      000000  000003  000003         0       0  CODE        2
                intentry                       000004  0002EC  0002F0         8       0  CODE        2
                bssBANK0                       000020  000018  000038        20       1  BANK0       1
                cstackCOMMON                   000070  00000A  00007A        70       1  COMMON      1
                stringtext                     000300  000208  000508         6       0  STRCODE     2
                text12                         000508  0002F5  0007FD       A10       0  CODE        2
                strings                        000800  000012  000812      1000       0  STRING      2


UNUSED ADDRESS RANGES

        Name                Unused          Largest block    Delta
        BANK0            0038-006F             38           1
        BANK1            00A0-00EF             50           1
        BANK2            0110-016F             60           1
        BANK3            0190-01EF             60           1
        CODE             0003-0003              1           2
                         02F0-02FF             10
                         07FD-07FF              3
                         0812-1FFF            800
        COMMON           007A-007D              4           1
        CONST            0003-0003              1           2
                         02F0-02FF             10
                         07FD-07FF              3
                         0812-1FFF            100
        EEDATA           2100-21FF            100           2
        ENTRY            0003-0003              1           2
                         02F0-02FF             10
                         07FD-07FF              3
                         0812-1FFF            100
        IDLOC            2000-2003              4           2
        RAM              0038-006F             38           1
                         00A0-00EF             50
                         0110-016F             60
                         0190-01EF             60
        SFR0             0000-001F             20           1
        SFR1             0080-009F             20           1
        SFR2             0100-010F             10           1
        SFR3             0180-018F             10           1
        STACK            0110-016F             60           1
        STRCODE          0003-0003              1           2
                         02F0-02FF             10
                         07FD-07FF              3
                         0812-1FFF           17EE
        STRING           0003-0003              1           2
                         02F0-02FF             10
                         07FD-07FF              3
                         0812-1FFF            100

                                  Symbol Table

_ADCON0bits              (abs)        001F
_ADCON1bits              (abs)        009F
_ADRESH                  (abs)        001E
_ADRESL                  (abs)        009E
_ANSEL                   (abs)        0188
_ANSELH                  (abs)        0189
_BAUDCTLbits             (abs)        0187
_CCP1CONbits             (abs)        0017
_CCP2CONbits             (abs)        001D
_CCPR1L                  (abs)        0015
_CCPR2L                  (abs)        001B
_INTCONbits              (abs)        000B
_IOCBbits                (abs)        0096
_OPTION_REGbits          (abs)        0081
_OSCCONbits              (abs)        008F
_PIE1bits                (abs)        008C
_PIR1bits                (abs)        000C
_PORTA                   (abs)        0005
_PORTB                   (abs)        0006
_PORTBbits               (abs)        0006
_PORTC                   (abs)        0007
_PORTCbits               (abs)        0007
_PORTD                   (abs)        0008
_PORTDbits               (abs)        0008
_PR2                     (abs)        0092
_RBIF                    (abs)        0058
_RCREG                   (abs)        001A
_RCSTAbits               (abs)        0018
_SPBRG                   (abs)        0099
_SPBRGH                  (abs)        009A
_T2CONbits               (abs)        0012
_TMR0                    (abs)        0001
_TRISA                   (abs)        0085
_TRISB                   (abs)        0086
_TRISC                   (abs)        0087
_TRISCbits               (abs)        0087
_TRISD                   (abs)        0088
_TRISE                   (abs)        0089
_TXIF                    (abs)        0064
_TXREG                   (abs)        0019
_TXSTAbits               (abs)        0098
_WPUBbits                (abs)        0095
__Habs1                  abs1         0000
__Hbank0                 bank0        0000
__Hbank1                 bank1        0000
__Hbank2                 bank2        0000
__Hbank3                 bank3        0000
__HbssBANK0              bssBANK0     0000
__HbssCOMMON             bssCOMMON    0000
__Hcinit                 cinit        002F
__Hclrtext               clrtext      0000
__Hcode                  code         0000
__Hcommon                common       0000
__Hconfig                config       2009
__HcstackBANK0           cstackBANK0  0000
__HcstackCOMMON          cstackCOMMON 0000
__HdataBANK0             dataBANK0    0000
__Heeprom_data           eeprom_data  0000
__Hend_init              end_init     000F
__Hfunctab               functab      0000
__HidataBANK0            idataBANK0   0000
__Hinit                  init         000C
__Hintentry              intentry     000C
__Hmaintext              maintext     0000
__Hpowerup               powerup      0000
__Hram                   ram          0000
__Hreset_vec             reset_vec    0003
__Hsfr0                  sfr0         0000
__Hsfr1                  sfr1         0000
__Hsfr2                  sfr2         0000
__Hsfr3                  sfr3         0000
__Hspace_0               (abs)        0812
__Hspace_1               (abs)        007A
__Hspace_2               (abs)        0000
__Hspace_3               (abs)        0000
__Hspace_4               (abs)        4010
__Hstack                 stack        0000
__Hstrings               strings      0000
__Hstringtext            stringtext   0000
__Htext                  text         0000
__Labs1                  abs1         0000
__Lbank0                 bank0        0000
__Lbank1                 bank1        0000
__Lbank2                 bank2        0000
__Lbank3                 bank3        0000
__LbssBANK0              bssBANK0     0000
__LbssCOMMON             bssCOMMON    0000
__Lcinit                 cinit        000F
__Lclrtext               clrtext      0000
__Lcode                  code         0000
__Lcommon                common       0000
__Lconfig                config       0000
__LcstackBANK0           cstackBANK0  0000
__LcstackCOMMON          cstackCOMMON 0000
__LdataBANK0             dataBANK0    0000
__Leeprom_data           eeprom_data  0000
__Lend_init              end_init     000C
__Lfunctab               functab      0000
__LidataBANK0            idataBANK0   0000
__Linit                  init         000C
__Lintentry              intentry     0004
__Lmaintext              maintext     0000
__Lpowerup               powerup      0000
__Lram                   ram          0000
__Lreset_vec             reset_vec    0000
__Lsfr0                  sfr0         0000
__Lsfr1                  sfr1         0000
__Lsfr2                  sfr2         0000
__Lsfr3                  sfr3         0000
__Lspace_0               (abs)        0000
__Lspace_1               (abs)        0000
__Lspace_2               (abs)        0000
__Lspace_3               (abs)        0000
__Lspace_4               (abs)        0000
__Lstack                 stack        0000
__Lstrings               strings      0000
__Lstringtext            stringtext   0000
__Ltext                  text         0000
__S0                     (abs)        0812
__S1                     (abs)        007A
__S2                     (abs)        0000
__S3                     (abs)        0000
___int_sp                stack        0000
___latbits               (abs)        0002
___sp                    stack        0000
___stackhi               (abs)        0000
___stacklo               (abs)        0000
__end_of__initialization cinit        002B
__end_of__stringtab      strings      0812
__end_of_isr             text12       05BF
__end_of_main            maintext     02F0
__end_of_send_char       text11       07FB
__end_of_send_str        text10       0695
__end_of_servo1Rotate0   text9        07F1
__end_of_servo1Rotate90  text8        0745
__end_of_servo2Rotate0   text7        07C6
__end_of_servo2Rotate90  text6        0719
__end_of_servo3Rotate0   text5        079B
__end_of_servo3Rotate90  text4        06ED
__end_of_servo4Rotate0   text3        0770
__end_of_servo4Rotate90  text2        06C1
__end_of_setup           text1        064F
__initialization         cinit        000F
__pbssBANK0              bssBANK0     0020
__pbssCOMMON             bssCOMMON    0076
__pcstackBANK0           cstackBANK0  002C
__pcstackCOMMON          cstackCOMMON 0070
__pdataBANK0             dataBANK0    0036
__pidataBANK0            idataBANK0   07FB
__pintentry              intentry     0004
__pmaintext              maintext     002F
__pstrings               strings      0800
__pstringtext            stringtext   0300
__ptext1                 text1        05BF
__ptext10                text10       064F
__ptext11                text11       07F1
__ptext12                text12       0508
__ptext2                 text2        0695
__ptext3                 text3        0745
__ptext4                 text4        06C1
__ptext5                 text5        0770
__ptext6                 text6        06ED
__ptext7                 text7        079B
__ptext8                 text8        0719
__ptext9                 text9        07C6
__size_of_isr            (abs)        0000
__size_of_main           (abs)        0000
__size_of_send_char      (abs)        0000
__size_of_send_str       (abs)        0000
__size_of_servo1Rotate0  (abs)        0000
__size_of_servo1Rotate90 (abs)        0000
__size_of_servo2Rotate0  (abs)        0000
__size_of_servo2Rotate90 (abs)        0000
__size_of_servo3Rotate0  (abs)        0000
__size_of_servo3Rotate90 (abs)        0000
__size_of_servo4Rotate0  (abs)        0000
__size_of_servo4Rotate90 (abs)        0000
__size_of_setup          (abs)        0000
__stringbase             strings      0812
__stringtab              strings      0800
_adc1                    bssBANK0     0026
_adc2                    bssBANK0     0024
_adc3                    bssBANK0     0022
_adc4                    bssBANK0     0020
_ban                     dataBANK0    0036
_isr                     text12       0508
_main                    maintext     002F
_op                      bssBANK0     0028
_play                    bssCOMMON    0076
_rec                     bssCOMMON    0078
_send_char               text11       07F1
_send_str                text10       064F
_servo1Rotate0           text9        07C6
_servo1Rotate90          text8        0719
_servo2Rotate0           text7        079B
_servo2Rotate90          text6        06ED
_servo3Rotate0           text5        0770
_servo3Rotate90          text4        06C1
_servo4Rotate0           text3        0745
_servo4Rotate90          text2        0695
_setup                   text1        05BF
btemp                    (abs)        007E
end_of_initialization    cinit        002B
interrupt_function       intentry     0004
intlevel0                functab      0000
intlevel1                functab      0000
intlevel2                functab      0000
intlevel3                functab      0000
intlevel4                functab      0000
intlevel5                functab      0000
reset_vec                reset_vec    0000
saved_w                  (abs)        007E
send_char@dato           cstackCOMMON 0074
send_str@i               cstackBANK0  0031
send_str@st              cstackBANK0  002C
servo1Rotate0@i          cstackBANK0  002C
servo1Rotate90@i         cstackBANK0  002C
servo2Rotate0@i          cstackBANK0  002C
servo2Rotate90@i         cstackBANK0  002C
servo3Rotate0@i          cstackBANK0  002C
servo3Rotate90@i         cstackBANK0  002C
servo4Rotate0@i          cstackBANK0  002C
servo4Rotate90@i         cstackBANK0  002C
start                    init         000C
start_initialization     cinit        000F
wtemp0                   (abs)        007E


FUNCTION INFORMATION:

 *************** function _main *****************
 Defined at:
		line 175 in file "Proyecto02.c"
 Parameters:    Size  Location     Type
		None
 Auto vars:     Size  Location     Type
		None
 Return value:  Size  Location     Type
                  1    wreg      void 
 Registers used:
		wreg, fsr0l, fsr0h, status,2, status,0, btemp+1, pclath, cstack
 Tracked objects:
		On entry : 
		On exit  : 
		Unchanged: 
 Data sizes:     COMMON   BANK0   BANK1   BANK3   BANK2
      Params:         0       0       0       0       0
      Locals:         0       0       0       0       0
      Temps:          0       3       0       0       0
      Totals:         0       3       0       0       0
Total ram usage:        3 bytes
 Hardware stack levels required when called:    3
 This function calls:
		_send_str
		_servo1Rotate0
		_servo1Rotate90
		_servo2Rotate0
		_servo2Rotate90
		_servo3Rotate0
		_servo3Rotate90
		_servo4Rotate0
		_servo4Rotate90
		_setup
 This function is called by:
		Startup code after reset
 This function uses a non-reentrant model


 *************** function _setup *****************
 Defined at:
		line 342 in file "Proyecto02.c"
 Parameters:    Size  Location     Type
		None
 Auto vars:     Size  Location     Type
		None
 Return value:  Size  Location     Type
                  1    wreg      void 
 Registers used:
		wreg, status,2, status,0
 Tracked objects:
		On entry : 
		On exit  : 
		Unchanged: 
 Data sizes:     COMMON   BANK0   BANK1   BANK3   BANK2
      Params:         0       0       0       0       0
      Locals:         0       0       0       0       0
      Temps:          1       0       0       0       0
      Totals:         1       0       0       0       0
Total ram usage:        1 bytes
 Hardware stack levels used:    1
 Hardware stack levels required when called:    1
 This function calls:
		Nothing
 This function is called by:
		_main
 This function uses a non-reentrant model


 *************** function _servo4Rotate90 *****************
 Defined at:
		line 556 in file "Proyecto02.c"
 Parameters:    Size  Location     Type
		None
 Auto vars:     Size  Location     Type
  i               2    0[BANK0 ] unsigned int 
 Return value:  Size  Location     Type
                  1    wreg      void 
 Registers used:
		wreg, status,2
 Tracked objects:
		On entry : 
		On exit  : 
		Unchanged: 
 Data sizes:     COMMON   BANK0   BANK1   BANK3   BANK2
      Params:         0       0       0       0       0
      Locals:         0       2       0       0       0
      Temps:          2       0       0       0       0
      Totals:         2       2       0       0       0
Total ram usage:        4 bytes
 Hardware stack levels used:    1
 Hardware stack levels required when called:    1
 This function calls:
		Nothing
 This function is called by:
		_main
 This function uses a non-reentrant model


 *************** function _servo4Rotate0 *****************
 Defined at:
		line 546 in file "Proyecto02.c"
 Parameters:    Size  Location     Type
		None
 Auto vars:     Size  Location     Type
  i               2    0[BANK0 ] unsigned int 
 Return value:  Size  Location     Type
                  1    wreg      void 
 Registers used:
		wreg, status,2
 Tracked objects:
		On entry : 
		On exit  : 
		Unchanged: 
 Data sizes:     COMMON   BANK0   BANK1   BANK3   BANK2
      Params:         0       0       0       0       0
      Locals:         0       2       0       0       0
      Temps:          2       0       0       0       0
      Totals:         2       2       0       0       0
Total ram usage:        4 bytes
 Hardware stack levels used:    1
 Hardware stack levels required when called:    1
 This function calls:
		Nothing
 This function is called by:
		_main
 This function uses a non-reentrant model


 *************** function _servo3Rotate90 *****************
 Defined at:
		line 536 in file "Proyecto02.c"
 Parameters:    Size  Location     Type
		None
 Auto vars:     Size  Location     Type
  i               2    0[BANK0 ] unsigned int 
 Return value:  Size  Location     Type
                  1    wreg      void 
 Registers used:
		wreg, status,2
 Tracked objects:
		On entry : 
		On exit  : 
		Unchanged: 
 Data sizes:     COMMON   BANK0   BANK1   BANK3   BANK2
      Params:         0       0       0       0       0
      Locals:         0       2       0       0       0
      Temps:          2       0       0       0       0
      Totals:         2       2       0       0       0
Total ram usage:        4 bytes
 Hardware stack levels used:    1
 Hardware stack levels required when called:    1
 This function calls:
		Nothing
 This function is called by:
		_main
 This function uses a non-reentrant model


 *************** function _servo3Rotate0 *****************
 Defined at:
		line 526 in file "Proyecto02.c"
 Parameters:    Size  Location     Type
		None
 Auto vars:     Size  Location     Type
  i               2    0[BANK0 ] unsigned int 
 Return value:  Size  Location     Type
                  1    wreg      void 
 Registers used:
		wreg, status,2
 Tracked objects:
		On entry : 
		On exit  : 
		Unchanged: 
 Data sizes:     COMMON   BANK0   BANK1   BANK3   BANK2
      Params:         0       0       0       0       0
      Locals:         0       2       0       0       0
      Temps:          2       0       0       0       0
      Totals:         2       2       0       0       0
Total ram usage:        4 bytes
 Hardware stack levels used:    1
 Hardware stack levels required when called:    1
 This function calls:
		Nothing
 This function is called by:
		_main
 This function uses a non-reentrant model


 *************** function _servo2Rotate90 *****************
 Defined at:
		line 516 in file "Proyecto02.c"
 Parameters:    Size  Location     Type
		None
 Auto vars:     Size  Location     Type
  i               2    0[BANK0 ] unsigned int 
 Return value:  Size  Location     Type
                  1    wreg      void 
 Registers used:
		wreg, status,2
 Tracked objects:
		On entry : 
		On exit  : 
		Unchanged: 
 Data sizes:     COMMON   BANK0   BANK1   BANK3   BANK2
      Params:         0       0       0       0       0
      Locals:         0       2       0       0       0
      Temps:          2       0       0       0       0
      Totals:         2       2       0       0       0
Total ram usage:        4 bytes
 Hardware stack levels used:    1
 Hardware stack levels required when called:    1
 This function calls:
		Nothing
 This function is called by:
		_main
 This function uses a non-reentrant model


 *************** function _servo2Rotate0 *****************
 Defined at:
		line 506 in file "Proyecto02.c"
 Parameters:    Size  Location     Type
		None
 Auto vars:     Size  Location     Type
  i               2    0[BANK0 ] unsigned int 
 Return value:  Size  Location     Type
                  1    wreg      void 
 Registers used:
		wreg, status,2
 Tracked objects:
		On entry : 
		On exit  : 
		Unchanged: 
 Data sizes:     COMMON   BANK0   BANK1   BANK3   BANK2
      Params:         0       0       0       0       0
      Locals:         0       2       0       0       0
      Temps:          2       0       0       0       0
      Totals:         2       2       0       0       0
Total ram usage:        4 bytes
 Hardware stack levels used:    1
 Hardware stack levels required when called:    1
 This function calls:
		Nothing
 This function is called by:
		_main
 This function uses a non-reentrant model


 *************** function _servo1Rotate90 *****************
 Defined at:
		line 496 in file "Proyecto02.c"
 Parameters:    Size  Location     Type
		None
 Auto vars:     Size  Location     Type
  i               2    0[BANK0 ] unsigned int 
 Return value:  Size  Location     Type
                  1    wreg      void 
 Registers used:
		wreg, status,2
 Tracked objects:
		On entry : 
		On exit  : 
		Unchanged: 
 Data sizes:     COMMON   BANK0   BANK1   BANK3   BANK2
      Params:         0       0       0       0       0
      Locals:         0       2       0       0       0
      Temps:          2       0       0       0       0
      Totals:         2       2       0       0       0
Total ram usage:        4 bytes
 Hardware stack levels used:    1
 Hardware stack levels required when called:    1
 This function calls:
		Nothing
 This function is called by:
		_main
 This function uses a non-reentrant model


 *************** function _servo1Rotate0 *****************
 Defined at:
		line 486 in file "Proyecto02.c"
 Parameters:    Size  Location     Type
		None
 Auto vars:     Size  Location     Type
  i               2    0[BANK0 ] unsigned int 
 Return value:  Size  Location     Type
                  1    wreg      void 
 Registers used:
		wreg, status,2
 Tracked objects:
		On entry : 
		On exit  : 
		Unchanged: 
 Data sizes:     COMMON   BANK0   BANK1   BANK3   BANK2
      Params:         0       0       0       0       0
      Locals:         0       2       0       0       0
      Temps:          2       0       0       0       0
      Totals:         2       2       0       0       0
Total ram usage:        4 bytes
 Hardware stack levels used:    1
 Hardware stack levels required when called:    1
 This function calls:
		Nothing
 This function is called by:
		_main
 This function uses a non-reentrant model


 *************** function _send_str *****************
 Defined at:
		line 452 in file "Proyecto02.c"
 Parameters:    Size  Location     Type
  st              2    0[BANK0 ] PTR unsigned char 
		 -> STR_23(1), STR_22(6), STR_21(22), STR_20(21), 
		 -> STR_19(24), STR_18(23), STR_17(22), STR_16(21), 
		 -> STR_15(24), STR_14(23), STR_13(19), STR_12(17), 
		 -> STR_11(32), STR_10(30), STR_9(28), STR_8(27), 
		 -> STR_7(14), STR_6(36), STR_5(33), STR_4(31), 
		 -> STR_3(29), STR_2(16), STR_1(28), 
 Auto vars:     Size  Location     Type
  i               2    5[BANK0 ] int 
 Return value:  Size  Location     Type
                  1    wreg      void 
 Registers used:
		wreg, fsr0l, fsr0h, status,2, status,0, btemp+1, pclath, cstack
 Tracked objects:
		On entry : 
		On exit  : 
		Unchanged: 
 Data sizes:     COMMON   BANK0   BANK1   BANK3   BANK2
      Params:         0       2       0       0       0
      Locals:         0       2       0       0       0
      Temps:          0       3       0       0       0
      Totals:         0       7       0       0       0
Total ram usage:        7 bytes
 Hardware stack levels used:    1
 Hardware stack levels required when called:    2
 This function calls:
		_send_char
 This function is called by:
		_main
 This function uses a non-reentrant model


 *************** function _send_char *****************
 Defined at:
		line 447 in file "Proyecto02.c"
 Parameters:    Size  Location     Type
  dato            1    wreg     unsigned char 
 Auto vars:     Size  Location     Type
  dato            1    4[COMMON] unsigned char 
 Return value:  Size  Location     Type
                  1    wreg      void 
 Registers used:
		wreg
 Tracked objects:
		On entry : 
		On exit  : 
		Unchanged: 
 Data sizes:     COMMON   BANK0   BANK1   BANK3   BANK2
      Params:         0       0       0       0       0
      Locals:         1       0       0       0       0
      Temps:          0       0       0       0       0
      Totals:         1       0       0       0       0
Total ram usage:        1 bytes
 Hardware stack levels used:    1
 Hardware stack levels required when called:    1
 This function calls:
		Nothing
 This function is called by:
		_send_str
 This function uses a non-reentrant model


 *************** function _isr *****************
 Defined at:
		line 118 in file "Proyecto02.c"
 Parameters:    Size  Location     Type
		None
 Auto vars:     Size  Location     Type
		None
 Return value:  Size  Location     Type
                  1    wreg      void 
 Registers used:
		wreg, status,2, status,0
 Tracked objects:
		On entry : 
		On exit  : 
		Unchanged: 
 Data sizes:     COMMON   BANK0   BANK1   BANK3   BANK2
      Params:         0       0       0       0       0
      Locals:         0       0       0       0       0
      Temps:          4       0       0       0       0
      Totals:         4       0       0       0       0
Total ram usage:        4 bytes
 Hardware stack levels used:    1
 This function calls:
		Nothing
 This function is called by:
		Interrupt level 1
 This function uses a non-reentrant model



MODULE INFORMATION

Module		Function		Class		Link	Load	Size
shared
		__stringtab    		STRING         	0800	0000	18
		__initialization		CODE           	000F	0000	28

shared estimated size: 46

Proyecto02.c
		_servo4Rotate0 		CODE           	0745	0000	43
		_servo1Rotate90		CODE           	0719	0000	44
		_servo4Rotate90		CODE           	0695	0000	44
		_main          		CODE           	002F	0000	705
		_servo2Rotate0 		CODE           	079B	0000	43
		_servo2Rotate90		CODE           	06ED	0000	44
		_send_str      		CODE           	064F	0000	70
		_isr           		CODE           	0508	0000	183
		_servo3Rotate0 		CODE           	0770	0000	43
		_servo3Rotate90		CODE           	06C1	0000	44
		_send_char     		CODE           	07F1	0000	10
		_setup         		CODE           	05BF	0000	144
		_servo1Rotate0 		CODE           	07C6	0000	43

Proyecto02.c estimated size: 1460

