Microchip MPLAB XC8 Compiler V2.31

Linker command line:

-W-3 --edf=C:\Program Files\Microchip\xc8\v2.31\pic\dat\en_msgs.txt -cn \
  -h+dist/default/production\Proyecto02.X.production.sym \
  --cmf=dist/default/production\Proyecto02.X.production.cmf -z -Q16F887 \
  -oC:\Users\Ale\AppData\Local\Temp\smg8.2 --defsym=__MPLAB_BUILD=1 \
  -Mdist/default/production/Proyecto02.X.production.map -E1 \
  -ver=XC8 Compiler --acfsm=1493 -ASTACK=0110h-016Fh -pstack=STACK \
  -ACODE=00h-07FFhx4 -ASTRCODE=00h-01FFFh -ASTRING=00h-0FFhx32 \
  -ACONST=00h-0FFhx32 -AENTRY=00h-0FFhx32 -ACOMMON=070h-07Fh \
  -ABANK0=020h-06Fh -ABANK1=0A0h-0EFh -ABANK2=0110h-016Fh \
  -ABANK3=0190h-01EFh -ARAM=020h-06Fh,0A0h-0EFh,0110h-016Fh,0190h-01EFh \
  -AABS1=020h-07Fh,0A0h-0EFh,0110h-016Fh,0190h-01EFh -ASFR0=00h-01Fh \
  -ASFR1=080h-09Fh -ASFR2=0100h-010Fh -ASFR3=0180h-018Fh \
  -ACONFIG=02007h-02008h -DCONFIG=2 -AIDLOC=02000h-02003h -DIDLOC=2 \
  -AEEDATA=00h-0FFh/02100h -peeprom_data=EEDATA -DEEDATA=2 -DCODE=2 \
  -DSTRCODE=2 -DSTRING=2 -DCONST=2 -DENTRY=2 \
  -preset_vec=00h,intentry=04h,init,end_init -ppowerup=CODE -pcinit=CODE \
  -pfunctab=ENTRY -k C:\Users\Ale\AppData\Local\Temp\smg8.o \
  dist/default/production\Proyecto02.X.production.o 

Object code version is 3.11

Machine type is 16F887



                Name                               Link     Load   Length Selector   Space Scale
C:\Users\Ale\AppData\Local\Temp\smg8.o
                end_init                              C        C        3        8       0
                reset_vec                             0        0        3        0       0
                config                             2007     2007        2        0       4
dist/default/production\Proyecto02.X.production.o
                cinit                                 F        F       1A        8       0
                intentry                              4        4        8        8       0
                config                             2007     2007        2        0       4
                text20                              E87      E87       29     1D0E       0
                text19                              F2B      F2B       2A     1E56       0
                text18                              EB0      EB0       29     1D60       0
                text17                              F55      F55       2A     1EAA       0
                text16                              ED9      ED9       29     1DB2       0
                text15                              F7F      F7F       2A     1EFE       0
                text14                              F02      F02       29     1E04       0
                text13                              FA9      FA9       2A     1F52       0
                text12                              4FE      4FE      155      9FC       0
                text11                              7F2      7F2        A      FE4       0
                text10                              6DE      6DE       46      9FC       0
                text9                               FD3      FD3       2D     1FA6       0
                text8                               7B1      7B1       2F      9FC       0
                text7                               2D3      2D3       2D        8       0
                text6                               782      782       2F      9FC       0
                text5                               2A6      2A6       2D        8       0
                text4                               753      753       2F      9FC       0
                text3                               279      279       2D        8       0
                text2                               724      724       2F      9FC       0
                text1                               653      653       8B      9FC       0
                maintext                             29       29      250        8       0
                cstackBANK0                          20       20        B       20       1
                cstackCOMMON                         70       70        8       70       1
                dataBANK0                            2F       2F        2       20       1
                bssBANK0                             2B       2B        4       20       1
                bssCOMMON                            78       78        6       70       1
                stringtext                          300      300      1FE        6       0
                strings                             7E0      7E0       12      FC0       0
                idataBANK0                          7FC      7FC        2      FE4       0

TOTAL           Name                               Link     Load   Length     Space
        CLASS   STACK          

        CLASS   CODE           
                end_init                              C        C        3         0
                cinit                                 F        F       1A         0
                intentry                              4        4        8         0
                reset_vec                             0        0        3         0
                text20                              E87      E87       29         0
                text19                              F2B      F2B       2A         0
                text18                              EB0      EB0       29         0
                text17                              F55      F55       2A         0
                text16                              ED9      ED9       29         0
                text15                              F7F      F7F       2A         0
                text14                              F02      F02       29         0
                text13                              FA9      FA9       2A         0
                text12                              4FE      4FE      155         0
                text11                              7F2      7F2        A         0
                text10                              6DE      6DE       46         0
                text9                               FD3      FD3       2D         0
                text8                               7B1      7B1       2F         0
                text7                               2D3      2D3       2D         0
                text6                               782      782       2F         0
                text5                               2A6      2A6       2D         0
                text4                               753      753       2F         0
                text3                               279      279       2D         0
                text2                               724      724       2F         0
                text1                               653      653       8B         0
                maintext                             29       29      250         0
                idataBANK0                          7FC      7FC        2         0

        CLASS   STRCODE        
                stringtext                          300      300      1FE         0

        CLASS   STRING         
                strings                             7E0      7E0       12         0

        CLASS   CONST          

        CLASS   ENTRY          

        CLASS   COMMON         
                cstackCOMMON                         70       70        8         1
                bssCOMMON                            78       78        6         1

        CLASS   BANK0          
                cstackBANK0                          20       20        B         1
                dataBANK0                            2F       2F        2         1
                bssBANK0                             2B       2B        4         1

        CLASS   BANK1          

        CLASS   BANK2          

        CLASS   BANK3          

        CLASS   RAM            

        CLASS   ABS1           
                abs_s1                               7E       7E        2         1

        CLASS   SFR0           

        CLASS   SFR1           

        CLASS   SFR2           

        CLASS   SFR3           

        CLASS   CONFIG         
                config                             2007     2007        2         4

        CLASS   IDLOC          

        CLASS   EEDATA         



SEGMENTS        Name                           Load    Length   Top    Selector   Space  Class     Delta

                reset_vec                      000000  000003  000003         0       0  CODE        2
                intentry                       000004  0002FC  000300         8       0  CODE        2
                cstackBANK0                    000020  000011  000031        20       1  BANK0       1
                cstackCOMMON                   000070  00000E  00007E        70       1  COMMON      1
                stringtext                     000300  0001FE  0004FE         6       0  STRCODE     2
                text12                         0004FE  0002E2  0007E0       9FC       0  CODE        2
                strings                        0007E0  000012  0007F2       FC0       0  STRING      2
                text11                         0007F2  00000C  0007FE       FE4       0  CODE        2
                text20                         000E87  000029  000EB0      1D0E       0  CODE        2
                text18                         000EB0  000029  000ED9      1D60       0  CODE        2
                text16                         000ED9  000029  000F02      1DB2       0  CODE        2
                text14                         000F02  000029  000F2B      1E04       0  CODE        2
                text19                         000F2B  00002A  000F55      1E56       0  CODE        2
                text17                         000F55  00002A  000F7F      1EAA       0  CODE        2
                text15                         000F7F  00002A  000FA9      1EFE       0  CODE        2
                text13                         000FA9  00002A  000FD3      1F52       0  CODE        2
                text9                          000FD3  00002D  001000      1FA6       0  CODE        2


UNUSED ADDRESS RANGES

        Name                Unused          Largest block    Delta
        BANK0            0031-006F             3F           1
        BANK1            00A0-00EF             50           1
        BANK2            0110-016F             60           1
        BANK3            0190-01EF             60           1
        CODE             0003-0003              1           2
                         07FE-0E86              2
                         1000-1FFF            800
        CONST            0003-0003              1           2
                         07FE-0E86            100
                         1000-1FFF            100
        EEDATA           2100-21FF            100           2
        ENTRY            0003-0003              1           2
                         07FE-0E86            100
                         1000-1FFF            100
        IDLOC            2000-2003              4           2
        RAM              0031-006F             3F           1
                         00A0-00EF             50
                         0110-016F             60
                         0190-01EF             60
        SFR0             0000-001F             20           1
        SFR1             0080-009F             20           1
        SFR2             0100-010F             10           1
        SFR3             0180-018F             10           1
        STACK            0110-016F             60           1
        STRCODE          0003-0003              1           2
                         07FE-0E86            689
                         1000-1FFF           1000
        STRING           0003-0003              1           2
                         07FE-0E86            100
                         1000-1FFF            100

                                  Symbol Table

_ADCON0bits                (abs)        001F
_ADCON1bits                (abs)        009F
_ADRESH                    (abs)        001E
_ADRESL                    (abs)        009E
_ANSEL                     (abs)        0188
_ANSELH                    (abs)        0189
_BAUDCTLbits               (abs)        0187
_CCP1CONbits               (abs)        0017
_CCP2CONbits               (abs)        001D
_CCPR1L                    (abs)        0015
_CCPR2L                    (abs)        001B
_INTCONbits                (abs)        000B
_IOCBbits                  (abs)        0096
_OPTION_REGbits            (abs)        0081
_OSCCONbits                (abs)        008F
_PIE1bits                  (abs)        008C
_PIR1bits                  (abs)        000C
_PORTA                     (abs)        0005
_PORTB                     (abs)        0006
_PORTBbits                 (abs)        0006
_PORTC                     (abs)        0007
_PORTCbits                 (abs)        0007
_PORTD                     (abs)        0008
_PORTDbits                 (abs)        0008
_PR2                       (abs)        0092
_RBIF                      (abs)        0058
_RCREG                     (abs)        001A
_RCSTAbits                 (abs)        0018
_SPBRG                     (abs)        0099
_SPBRGH                    (abs)        009A
_T2CONbits                 (abs)        0012
_TMR0                      (abs)        0001
_TRISA                     (abs)        0085
_TRISB                     (abs)        0086
_TRISC                     (abs)        0087
_TRISCbits                 (abs)        0087
_TRISD                     (abs)        0088
_TRISE                     (abs)        0089
_TXIF                      (abs)        0064
_TXREG                     (abs)        0019
_TXSTAbits                 (abs)        0098
_WPUBbits                  (abs)        0095
__Habs1                    abs1         0000
__Hbank0                   bank0        0000
__Hbank1                   bank1        0000
__Hbank2                   bank2        0000
__Hbank3                   bank3        0000
__HbssBANK0                bssBANK0     0000
__HbssCOMMON               bssCOMMON    0000
__Hcinit                   cinit        0029
__Hclrtext                 clrtext      0000
__Hcode                    code         0000
__Hcommon                  common       0000
__Hconfig                  config       2009
__HcstackBANK0             cstackBANK0  0000
__HcstackCOMMON            cstackCOMMON 0000
__HdataBANK0               dataBANK0    0000
__Heeprom_data             eeprom_data  0000
__Hend_init                end_init     000F
__Hfunctab                 functab      0000
__HidataBANK0              idataBANK0   0000
__Hinit                    init         000C
__Hintentry                intentry     000C
__Hmaintext                maintext     0000
__Hpowerup                 powerup      0000
__Hram                     ram          0000
__Hreset_vec               reset_vec    0003
__Hsfr0                    sfr0         0000
__Hsfr1                    sfr1         0000
__Hsfr2                    sfr2         0000
__Hsfr3                    sfr3         0000
__Hspace_0                 (abs)        1000
__Hspace_1                 (abs)        007E
__Hspace_2                 (abs)        0000
__Hspace_3                 (abs)        0000
__Hspace_4                 (abs)        4010
__Hstack                   stack        0000
__Hstrings                 strings      0000
__Hstringtext              stringtext   0000
__Htext                    text         0000
__Labs1                    abs1         0000
__Lbank0                   bank0        0000
__Lbank1                   bank1        0000
__Lbank2                   bank2        0000
__Lbank3                   bank3        0000
__LbssBANK0                bssBANK0     0000
__LbssCOMMON               bssCOMMON    0000
__Lcinit                   cinit        000F
__Lclrtext                 clrtext      0000
__Lcode                    code         0000
__Lcommon                  common       0000
__Lconfig                  config       0000
__LcstackBANK0             cstackBANK0  0000
__LcstackCOMMON            cstackCOMMON 0000
__LdataBANK0               dataBANK0    0000
__Leeprom_data             eeprom_data  0000
__Lend_init                end_init     000C
__Lfunctab                 functab      0000
__LidataBANK0              idataBANK0   0000
__Linit                    init         000C
__Lintentry                intentry     0004
__Lmaintext                maintext     0000
__Lpowerup                 powerup      0000
__Lram                     ram          0000
__Lreset_vec               reset_vec    0000
__Lsfr0                    sfr0         0000
__Lsfr1                    sfr1         0000
__Lsfr2                    sfr2         0000
__Lsfr3                    sfr3         0000
__Lspace_0                 (abs)        0000
__Lspace_1                 (abs)        0000
__Lspace_2                 (abs)        0000
__Lspace_3                 (abs)        0000
__Lspace_4                 (abs)        0000
__Lstack                   stack        0000
__Lstrings                 strings      0000
__Lstringtext              stringtext   0000
__Ltext                    text         0000
__S0                       (abs)        1000
__S1                       (abs)        007E
__S2                       (abs)        0000
__S3                       (abs)        0000
___int_sp                  stack        0000
___latbits                 (abs)        0002
___sp                      stack        0000
___stackhi                 (abs)        0000
___stacklo                 (abs)        0000
__end_of__initialization   cinit        0025
__end_of__stringtab        strings      07F2
__end_of_isr               text12       0653
__end_of_main              maintext     0279
__end_of_send_char         text11       07FC
__end_of_send_str          text10       0724
__end_of_servo1Rotate0     text9        1000
__end_of_servo1Rotate90    text8        07E0
__end_of_servo2Rotate0     text7        0300
__end_of_servo2Rotate90    text6        07B1
__end_of_servo3Rotate0     text5        02D3
__end_of_servo3Rotate90    text4        0782
__end_of_servo4Rotate0     text3        02A6
__end_of_servo4Rotate90    text2        0753
__end_of_setup             text1        06DE
__end_ofi1_servo1Rotate0   text20       0EB0
__end_ofi1_servo1Rotate90  text19       0F55
__end_ofi1_servo2Rotate0   text18       0ED9
__end_ofi1_servo2Rotate90  text17       0F7F
__end_ofi1_servo3Rotate0   text16       0F02
__end_ofi1_servo3Rotate90  text15       0FA9
__end_ofi1_servo4Rotate0   text14       0F2B
__end_ofi1_servo4Rotate90  text13       0FD3
__initialization           cinit        000F
__pbssBANK0                bssBANK0     002B
__pbssCOMMON               bssCOMMON    0078
__pcstackBANK0             cstackBANK0  0020
__pcstackCOMMON            cstackCOMMON 0070
__pdataBANK0               dataBANK0    002F
__pidataBANK0              idataBANK0   07FC
__pintentry                intentry     0004
__pmaintext                maintext     0029
__pstrings                 strings      07E0
__pstringtext              stringtext   0300
__ptext1                   text1        0653
__ptext10                  text10       06DE
__ptext11                  text11       07F2
__ptext12                  text12       04FE
__ptext13                  text13       0FA9
__ptext14                  text14       0F02
__ptext15                  text15       0F7F
__ptext16                  text16       0ED9
__ptext17                  text17       0F55
__ptext18                  text18       0EB0
__ptext19                  text19       0F2B
__ptext2                   text2        0724
__ptext20                  text20       0E87
__ptext3                   text3        0279
__ptext4                   text4        0753
__ptext5                   text5        02A6
__ptext6                   text6        0782
__ptext7                   text7        02D3
__ptext8                   text8        07B1
__ptext9                   text9        0FD3
__size_of_isr              (abs)        0000
__size_of_main             (abs)        0000
__size_of_send_char        (abs)        0000
__size_of_send_str         (abs)        0000
__size_of_servo1Rotate0    (abs)        0000
__size_of_servo1Rotate90   (abs)        0000
__size_of_servo2Rotate0    (abs)        0000
__size_of_servo2Rotate90   (abs)        0000
__size_of_servo3Rotate0    (abs)        0000
__size_of_servo3Rotate90   (abs)        0000
__size_of_servo4Rotate0    (abs)        0000
__size_of_servo4Rotate90   (abs)        0000
__size_of_setup            (abs)        0000
__size_ofi1_servo1Rotate0  (abs)        0000
__size_ofi1_servo1Rotate90 (abs)        0000
__size_ofi1_servo2Rotate0  (abs)        0000
__size_ofi1_servo2Rotate90 (abs)        0000
__size_ofi1_servo3Rotate0  (abs)        0000
__size_ofi1_servo3Rotate90 (abs)        0000
__size_ofi1_servo4Rotate0  (abs)        0000
__size_ofi1_servo4Rotate90 (abs)        0000
__stringbase               strings      07F2
__stringtab                strings      07E0
_adc1                      bssCOMMON    007D
_adc2                      bssCOMMON    007C
_adc3                      bssCOMMON    007B
_adc4                      bssCOMMON    007A
_ban                       dataBANK0    002F
_isr                       text12       04FE
_main                      maintext     0029
_op                        bssBANK0     002B
_play                      bssBANK0     002D
_rec                       bssCOMMON    0078
_send_char                 text11       07F2
_send_str                  text10       06DE
_servo1Rotate0             text9        0FD3
_servo1Rotate90            text8        07B1
_servo2Rotate0             text7        02D3
_servo2Rotate90            text6        0782
_servo3Rotate0             text5        02A6
_servo3Rotate90            text4        0753
_servo4Rotate0             text3        0279
_servo4Rotate90            text2        0724
_setup                     text1        0653
btemp                      (abs)        007E
end_of_initialization      cinit        0025
i1_servo1Rotate0           text20       0E87
i1_servo1Rotate90          text19       0F2B
i1_servo2Rotate0           text18       0EB0
i1_servo2Rotate90          text17       0F55
i1_servo3Rotate0           text16       0ED9
i1_servo3Rotate90          text15       0F7F
i1_servo4Rotate0           text14       0F02
i1_servo4Rotate90          text13       0FA9
i1servo1Rotate0@i          cstackCOMMON 0072
i1servo1Rotate90@i         cstackCOMMON 0072
i1servo2Rotate0@i          cstackCOMMON 0072
i1servo2Rotate90@i         cstackCOMMON 0072
i1servo3Rotate0@i          cstackCOMMON 0072
i1servo3Rotate90@i         cstackCOMMON 0072
i1servo4Rotate0@i          cstackCOMMON 0072
i1servo4Rotate90@i         cstackCOMMON 0072
interrupt_function         intentry     0004
intlevel0                  functab      0000
intlevel1                  functab      0000
intlevel2                  functab      0000
intlevel3                  functab      0000
intlevel4                  functab      0000
intlevel5                  functab      0000
reset_vec                  reset_vec    0000
saved_w                    (abs)        007E
send_char@dato             cstackBANK0  0020
send_str@i                 cstackBANK0  0026
send_str@st                cstackBANK0  0021
servo1Rotate0@i            cstackBANK0  0022
servo1Rotate90@i           cstackBANK0  0022
servo2Rotate0@i            cstackBANK0  0022
servo2Rotate90@i           cstackBANK0  0022
servo3Rotate0@i            cstackBANK0  0022
servo3Rotate90@i           cstackBANK0  0022
servo4Rotate0@i            cstackBANK0  0022
servo4Rotate90@i           cstackBANK0  0022
start                      init         000C
start_initialization       cinit        000F
wtemp0                     (abs)        007E


FUNCTION INFORMATION:

 *************** function _main *****************
 Defined at:
		line 209 in file "Proyecto02.c"
 Parameters:    Size  Location     Type
		None
 Auto vars:     Size  Location     Type
		None
 Return value:  Size  Location     Type
                  1    wreg      void 
 Registers used:
		wreg, fsr0l, fsr0h, status,2, status,0, btemp+1, pclath, cstack
 Tracked objects:
		On entry : 
		On exit  : 
		Unchanged: 
 Data sizes:     COMMON   BANK0   BANK1   BANK3   BANK2
      Params:         0       0       0       0       0
      Locals:         0       0       0       0       0
      Temps:          0       3       0       0       0
      Totals:         0       3       0       0       0
Total ram usage:        3 bytes
 Hardware stack levels required when called:    4
 This function calls:
		_send_str
		_servo1Rotate0
		_servo1Rotate90
		_servo2Rotate0
		_servo2Rotate90
		_servo3Rotate0
		_servo3Rotate90
		_servo4Rotate0
		_servo4Rotate90
		_setup
 This function is called by:
		Startup code after reset
 This function uses a non-reentrant model


 *************** function _setup *****************
 Defined at:
		line 374 in file "Proyecto02.c"
 Parameters:    Size  Location     Type
		None
 Auto vars:     Size  Location     Type
		None
 Return value:  Size  Location     Type
                  1    wreg      void 
 Registers used:
		wreg, status,2, status,0
 Tracked objects:
		On entry : 
		On exit  : 
		Unchanged: 
 Data sizes:     COMMON   BANK0   BANK1   BANK3   BANK2
      Params:         0       0       0       0       0
      Locals:         0       0       0       0       0
      Temps:          0       1       0       0       0
      Totals:         0       1       0       0       0
Total ram usage:        1 bytes
 Hardware stack levels used:    1
 Hardware stack levels required when called:    2
 This function calls:
		Nothing
 This function is called by:
		_main
 This function uses a non-reentrant model


 *************** function _servo4Rotate90 *****************
 Defined at:
		line 588 in file "Proyecto02.c"
 Parameters:    Size  Location     Type
		None
 Auto vars:     Size  Location     Type
  i               2    2[BANK0 ] unsigned int 
 Return value:  Size  Location     Type
                  1    wreg      void 
 Registers used:
		wreg, status,2
 Tracked objects:
		On entry : 
		On exit  : 
		Unchanged: 
 Data sizes:     COMMON   BANK0   BANK1   BANK3   BANK2
      Params:         0       0       0       0       0
      Locals:         0       2       0       0       0
      Temps:          0       2       0       0       0
      Totals:         0       4       0       0       0
Total ram usage:        4 bytes
 Hardware stack levels used:    1
 Hardware stack levels required when called:    2
 This function calls:
		Nothing
 This function is called by:
		_main
 This function uses a non-reentrant model


 *************** function _servo4Rotate0 *****************
 Defined at:
		line 578 in file "Proyecto02.c"
 Parameters:    Size  Location     Type
		None
 Auto vars:     Size  Location     Type
  i               2    2[BANK0 ] unsigned int 
 Return value:  Size  Location     Type
                  1    wreg      void 
 Registers used:
		wreg, status,2
 Tracked objects:
		On entry : 
		On exit  : 
		Unchanged: 
 Data sizes:     COMMON   BANK0   BANK1   BANK3   BANK2
      Params:         0       0       0       0       0
      Locals:         0       2       0       0       0
      Temps:          0       2       0       0       0
      Totals:         0       4       0       0       0
Total ram usage:        4 bytes
 Hardware stack levels used:    1
 Hardware stack levels required when called:    2
 This function calls:
		Nothing
 This function is called by:
		_main
 This function uses a non-reentrant model


 *************** function _servo3Rotate90 *****************
 Defined at:
		line 568 in file "Proyecto02.c"
 Parameters:    Size  Location     Type
		None
 Auto vars:     Size  Location     Type
  i               2    2[BANK0 ] unsigned int 
 Return value:  Size  Location     Type
                  1    wreg      void 
 Registers used:
		wreg, status,2
 Tracked objects:
		On entry : 
		On exit  : 
		Unchanged: 
 Data sizes:     COMMON   BANK0   BANK1   BANK3   BANK2
      Params:         0       0       0       0       0
      Locals:         0       2       0       0       0
      Temps:          0       2       0       0       0
      Totals:         0       4       0       0       0
Total ram usage:        4 bytes
 Hardware stack levels used:    1
 Hardware stack levels required when called:    2
 This function calls:
		Nothing
 This function is called by:
		_main
 This function uses a non-reentrant model


 *************** function _servo3Rotate0 *****************
 Defined at:
		line 558 in file "Proyecto02.c"
 Parameters:    Size  Location     Type
		None
 Auto vars:     Size  Location     Type
  i               2    2[BANK0 ] unsigned int 
 Return value:  Size  Location     Type
                  1    wreg      void 
 Registers used:
		wreg, status,2
 Tracked objects:
		On entry : 
		On exit  : 
		Unchanged: 
 Data sizes:     COMMON   BANK0   BANK1   BANK3   BANK2
      Params:         0       0       0       0       0
      Locals:         0       2       0       0       0
      Temps:          0       2       0       0       0
      Totals:         0       4       0       0       0
Total ram usage:        4 bytes
 Hardware stack levels used:    1
 Hardware stack levels required when called:    2
 This function calls:
		Nothing
 This function is called by:
		_main
 This function uses a non-reentrant model


 *************** function _servo2Rotate90 *****************
 Defined at:
		line 548 in file "Proyecto02.c"
 Parameters:    Size  Location     Type
		None
 Auto vars:     Size  Location     Type
  i               2    2[BANK0 ] unsigned int 
 Return value:  Size  Location     Type
                  1    wreg      void 
 Registers used:
		wreg, status,2
 Tracked objects:
		On entry : 
		On exit  : 
		Unchanged: 
 Data sizes:     COMMON   BANK0   BANK1   BANK3   BANK2
      Params:         0       0       0       0       0
      Locals:         0       2       0       0       0
      Temps:          0       2       0       0       0
      Totals:         0       4       0       0       0
Total ram usage:        4 bytes
 Hardware stack levels used:    1
 Hardware stack levels required when called:    2
 This function calls:
		Nothing
 This function is called by:
		_main
 This function uses a non-reentrant model


 *************** function _servo2Rotate0 *****************
 Defined at:
		line 538 in file "Proyecto02.c"
 Parameters:    Size  Location     Type
		None
 Auto vars:     Size  Location     Type
  i               2    2[BANK0 ] unsigned int 
 Return value:  Size  Location     Type
                  1    wreg      void 
 Registers used:
		wreg, status,2
 Tracked objects:
		On entry : 
		On exit  : 
		Unchanged: 
 Data sizes:     COMMON   BANK0   BANK1   BANK3   BANK2
      Params:         0       0       0       0       0
      Locals:         0       2       0       0       0
      Temps:          0       2       0       0       0
      Totals:         0       4       0       0       0
Total ram usage:        4 bytes
 Hardware stack levels used:    1
 Hardware stack levels required when called:    2
 This function calls:
		Nothing
 This function is called by:
		_main
 This function uses a non-reentrant model


 *************** function _servo1Rotate90 *****************
 Defined at:
		line 528 in file "Proyecto02.c"
 Parameters:    Size  Location     Type
		None
 Auto vars:     Size  Location     Type
  i               2    2[BANK0 ] unsigned int 
 Return value:  Size  Location     Type
                  1    wreg      void 
 Registers used:
		wreg, status,2
 Tracked objects:
		On entry : 
		On exit  : 
		Unchanged: 
 Data sizes:     COMMON   BANK0   BANK1   BANK3   BANK2
      Params:         0       0       0       0       0
      Locals:         0       2       0       0       0
      Temps:          0       2       0       0       0
      Totals:         0       4       0       0       0
Total ram usage:        4 bytes
 Hardware stack levels used:    1
 Hardware stack levels required when called:    2
 This function calls:
		Nothing
 This function is called by:
		_main
 This function uses a non-reentrant model


 *************** function _servo1Rotate0 *****************
 Defined at:
		line 518 in file "Proyecto02.c"
 Parameters:    Size  Location     Type
		None
 Auto vars:     Size  Location     Type
  i               2    2[BANK0 ] unsigned int 
 Return value:  Size  Location     Type
                  1    wreg      void 
 Registers used:
		wreg, status,2
 Tracked objects:
		On entry : 
		On exit  : 
		Unchanged: 
 Data sizes:     COMMON   BANK0   BANK1   BANK3   BANK2
      Params:         0       0       0       0       0
      Locals:         0       2       0       0       0
      Temps:          0       2       0       0       0
      Totals:         0       4       0       0       0
Total ram usage:        4 bytes
 Hardware stack levels used:    1
 Hardware stack levels required when called:    2
 This function calls:
		Nothing
 This function is called by:
		_main
 This function uses a non-reentrant model


 *************** function _send_str *****************
 Defined at:
		line 478 in file "Proyecto02.c"
 Parameters:    Size  Location     Type
  st              2    1[BANK0 ] PTR unsigned char 
		 -> STR_22(6), STR_21(22), STR_20(21), STR_19(24), 
		 -> STR_18(23), STR_17(22), STR_16(21), STR_15(24), 
		 -> STR_14(23), STR_13(19), STR_12(7), STR_11(32), 
		 -> STR_10(30), STR_9(28), STR_8(27), STR_7(14), 
		 -> STR_6(36), STR_5(33), STR_4(31), STR_3(29), 
		 -> STR_2(16), STR_1(28), 
 Auto vars:     Size  Location     Type
  i               2    6[BANK0 ] int 
 Return value:  Size  Location     Type
                  1    wreg      void 
 Registers used:
		wreg, fsr0l, fsr0h, status,2, status,0, btemp+1, pclath, cstack
 Tracked objects:
		On entry : 
		On exit  : 
		Unchanged: 
 Data sizes:     COMMON   BANK0   BANK1   BANK3   BANK2
      Params:         0       2       0       0       0
      Locals:         0       2       0       0       0
      Temps:          0       3       0       0       0
      Totals:         0       7       0       0       0
Total ram usage:        7 bytes
 Hardware stack levels used:    1
 Hardware stack levels required when called:    3
 This function calls:
		_send_char
 This function is called by:
		_main
 This function uses a non-reentrant model


 *************** function _send_char *****************
 Defined at:
		line 473 in file "Proyecto02.c"
 Parameters:    Size  Location     Type
  dato            1    wreg     unsigned char 
 Auto vars:     Size  Location     Type
  dato            1    0[BANK0 ] unsigned char 
 Return value:  Size  Location     Type
                  1    wreg      void 
 Registers used:
		wreg
 Tracked objects:
		On entry : 
		On exit  : 
		Unchanged: 
 Data sizes:     COMMON   BANK0   BANK1   BANK3   BANK2
      Params:         0       0       0       0       0
      Locals:         0       1       0       0       0
      Temps:          0       0       0       0       0
      Totals:         0       1       0       0       0
Total ram usage:        1 bytes
 Hardware stack levels used:    1
 Hardware stack levels required when called:    2
 This function calls:
		Nothing
 This function is called by:
		_send_str
 This function uses a non-reentrant model


 *************** function _isr *****************
 Defined at:
		line 117 in file "Proyecto02.c"
 Parameters:    Size  Location     Type
		None
 Auto vars:     Size  Location     Type
		None
 Return value:  Size  Location     Type
                  1    wreg      void 
 Registers used:
		wreg, status,2, status,0, pclath, cstack
 Tracked objects:
		On entry : 
		On exit  : 
		Unchanged: 
 Data sizes:     COMMON   BANK0   BANK1   BANK3   BANK2
      Params:         0       0       0       0       0
      Locals:         0       0       0       0       0
      Temps:          4       0       0       0       0
      Totals:         4       0       0       0       0
Total ram usage:        4 bytes
 Hardware stack levels used:    1
 Hardware stack levels required when called:    1
 This function calls:
		i1_servo1Rotate0
		i1_servo1Rotate90
		i1_servo2Rotate0
		i1_servo2Rotate90
		i1_servo3Rotate0
		i1_servo3Rotate90
		i1_servo4Rotate0
		i1_servo4Rotate90
 This function is called by:
		Interrupt level 1
 This function uses a non-reentrant model


 *************** function i1_servo4Rotate90 *****************
 Defined at:
		line 588 in file "Proyecto02.c"
 Parameters:    Size  Location     Type
		None
 Auto vars:     Size  Location     Type
  i               2    2[COMMON] unsigned int 
 Return value:  Size  Location     Type
                  1    wreg      void 
 Registers used:
		wreg, status,2
 Tracked objects:
		On entry : 
		On exit  : 
		Unchanged: 
 Data sizes:     COMMON   BANK0   BANK1   BANK3   BANK2
      Params:         0       0       0       0       0
      Locals:         2       0       0       0       0
      Temps:          2       0       0       0       0
      Totals:         4       0       0       0       0
Total ram usage:        4 bytes
 Hardware stack levels used:    1
 This function calls:
		Nothing
 This function is called by:
		_isr
 This function uses a non-reentrant model


 *************** function i1_servo4Rotate0 *****************
 Defined at:
		line 578 in file "Proyecto02.c"
 Parameters:    Size  Location     Type
		None
 Auto vars:     Size  Location     Type
  i               2    2[COMMON] unsigned int 
 Return value:  Size  Location     Type
                  1    wreg      void 
 Registers used:
		wreg, status,2
 Tracked objects:
		On entry : 
		On exit  : 
		Unchanged: 
 Data sizes:     COMMON   BANK0   BANK1   BANK3   BANK2
      Params:         0       0       0       0       0
      Locals:         2       0       0       0       0
      Temps:          2       0       0       0       0
      Totals:         4       0       0       0       0
Total ram usage:        4 bytes
 Hardware stack levels used:    1
 This function calls:
		Nothing
 This function is called by:
		_isr
 This function uses a non-reentrant model


 *************** function i1_servo3Rotate90 *****************
 Defined at:
		line 568 in file "Proyecto02.c"
 Parameters:    Size  Location     Type
		None
 Auto vars:     Size  Location     Type
  i               2    2[COMMON] unsigned int 
 Return value:  Size  Location     Type
                  1    wreg      void 
 Registers used:
		wreg, status,2
 Tracked objects:
		On entry : 
		On exit  : 
		Unchanged: 
 Data sizes:     COMMON   BANK0   BANK1   BANK3   BANK2
      Params:         0       0       0       0       0
      Locals:         2       0       0       0       0
      Temps:          2       0       0       0       0
      Totals:         4       0       0       0       0
Total ram usage:        4 bytes
 Hardware stack levels used:    1
 This function calls:
		Nothing
 This function is called by:
		_isr
 This function uses a non-reentrant model


 *************** function i1_servo3Rotate0 *****************
 Defined at:
		line 558 in file "Proyecto02.c"
 Parameters:    Size  Location     Type
		None
 Auto vars:     Size  Location     Type
  i               2    2[COMMON] unsigned int 
 Return value:  Size  Location     Type
                  1    wreg      void 
 Registers used:
		wreg, status,2
 Tracked objects:
		On entry : 
		On exit  : 
		Unchanged: 
 Data sizes:     COMMON   BANK0   BANK1   BANK3   BANK2
      Params:         0       0       0       0       0
      Locals:         2       0       0       0       0
      Temps:          2       0       0       0       0
      Totals:         4       0       0       0       0
Total ram usage:        4 bytes
 Hardware stack levels used:    1
 This function calls:
		Nothing
 This function is called by:
		_isr
 This function uses a non-reentrant model


 *************** function i1_servo2Rotate90 *****************
 Defined at:
		line 548 in file "Proyecto02.c"
 Parameters:    Size  Location     Type
		None
 Auto vars:     Size  Location     Type
  i               2    2[COMMON] unsigned int 
 Return value:  Size  Location     Type
                  1    wreg      void 
 Registers used:
		wreg, status,2
 Tracked objects:
		On entry : 
		On exit  : 
		Unchanged: 
 Data sizes:     COMMON   BANK0   BANK1   BANK3   BANK2
      Params:         0       0       0       0       0
      Locals:         2       0       0       0       0
      Temps:          2       0       0       0       0
      Totals:         4       0       0       0       0
Total ram usage:        4 bytes
 Hardware stack levels used:    1
 This function calls:
		Nothing
 This function is called by:
		_isr
 This function uses a non-reentrant model


 *************** function i1_servo2Rotate0 *****************
 Defined at:
		line 538 in file "Proyecto02.c"
 Parameters:    Size  Location     Type
		None
 Auto vars:     Size  Location     Type
  i               2    2[COMMON] unsigned int 
 Return value:  Size  Location     Type
                  1    wreg      void 
 Registers used:
		wreg, status,2
 Tracked objects:
		On entry : 
		On exit  : 
		Unchanged: 
 Data sizes:     COMMON   BANK0   BANK1   BANK3   BANK2
      Params:         0       0       0       0       0
      Locals:         2       0       0       0       0
      Temps:          2       0       0       0       0
      Totals:         4       0       0       0       0
Total ram usage:        4 bytes
 Hardware stack levels used:    1
 This function calls:
		Nothing
 This function is called by:
		_isr
 This function uses a non-reentrant model


 *************** function i1_servo1Rotate90 *****************
 Defined at:
		line 528 in file "Proyecto02.c"
 Parameters:    Size  Location     Type
		None
 Auto vars:     Size  Location     Type
  i               2    2[COMMON] unsigned int 
 Return value:  Size  Location     Type
                  1    wreg      void 
 Registers used:
		wreg, status,2
 Tracked objects:
		On entry : 
		On exit  : 
		Unchanged: 
 Data sizes:     COMMON   BANK0   BANK1   BANK3   BANK2
      Params:         0       0       0       0       0
      Locals:         2       0       0       0       0
      Temps:          2       0       0       0       0
      Totals:         4       0       0       0       0
Total ram usage:        4 bytes
 Hardware stack levels used:    1
 This function calls:
		Nothing
 This function is called by:
		_isr
 This function uses a non-reentrant model


 *************** function i1_servo1Rotate0 *****************
 Defined at:
		line 518 in file "Proyecto02.c"
 Parameters:    Size  Location     Type
		None
 Auto vars:     Size  Location     Type
  i               2    2[COMMON] unsigned int 
 Return value:  Size  Location     Type
                  1    wreg      void 
 Registers used:
		wreg, status,2
 Tracked objects:
		On entry : 
		On exit  : 
		Unchanged: 
 Data sizes:     COMMON   BANK0   BANK1   BANK3   BANK2
      Params:         0       0       0       0       0
      Locals:         2       0       0       0       0
      Temps:          2       0       0       0       0
      Totals:         4       0       0       0       0
Total ram usage:        4 bytes
 Hardware stack levels used:    1
 This function calls:
		Nothing
 This function is called by:
		_isr
 This function uses a non-reentrant model



MODULE INFORMATION

Module		Function		Class		Link	Load	Size
shared
		__stringtab    		STRING         	07E0	0000	18
		i1_servo1Rotate0		CODE           	0E87	0000	41
		i1_servo2Rotate0		CODE           	0EB0	0000	41
		i1_servo3Rotate0		CODE           	0ED9	0000	41
		i1_servo4Rotate0		CODE           	0F02	0000	41
		__initialization		CODE           	000F	0000	22
		i1_servo1Rotate90		CODE           	0F2B	0000	42
		i1_servo2Rotate90		CODE           	0F55	0000	42
		i1_servo3Rotate90		CODE           	0F7F	0000	42
		i1_servo4Rotate90		CODE           	0FA9	0000	42

shared estimated size: 372

Proyecto02.c
		_servo4Rotate0 		CODE           	0279	0000	45
		_servo1Rotate90		CODE           	07B1	0000	47
		_servo4Rotate90		CODE           	0724	0000	47
		_main          		CODE           	0029	0000	592
		_servo2Rotate0 		CODE           	02D3	0000	45
		_servo2Rotate90		CODE           	0782	0000	47
		_send_str      		CODE           	06DE	0000	70
		_isr           		CODE           	04FE	0000	341
		_servo3Rotate0 		CODE           	02A6	0000	45
		_servo3Rotate90		CODE           	0753	0000	47
		_send_char     		CODE           	07F2	0000	10
		_setup         		CODE           	0653	0000	139
		_servo1Rotate0 		CODE           	0FD3	0000	45

Proyecto02.c estimated size: 1520

